// Jest Snapshot v1, https://goo.gl/fbAQLP

exports[`todo reducer should initiate with correct state 1`] = `
Object {
  "filter": "SHOW_ALL",
  "todos": Array [
    Object {
      "complete": false,
      "id": 9999,
      "name": "add",
    },
  ],
}
`;
