// Jest Snapshot v1, https://goo.gl/fbAQLP

exports[`addTodo component should match snapshot 1`] = `
<div>
  <input
    autoFocus={true}
    onChange={[Function]}
    value="name"
  />
  <button
    onClick={[Function]}
    type="submit"
  >
    Submit
  </button>
</div>
`;
